[{"stream_name":"stdout","time":8.493460429,"data":"Collecting git+https://github.com/coding-connor/kaggle-notebook-wrapper.git\r\n"}
,{"stream_name":"stdout","time":8.493526498,"data":"  Cloning https://github.com/coding-connor/kaggle-notebook-wrapper.git to /tmp/pip-req-build-e4q_wrhg\r\n"}
,{"stream_name":"stdout","time":8.493534868,"data":"  Running command git clone --filter=blob:none --quiet https://github.com/coding-connor/kaggle-notebook-wrapper.git /tmp/pip-req-build-e4q_wrhg\r\n"}
,{"stream_name":"stdout","time":9.620112473,"data":"  Resolved https://github.com/coding-connor/kaggle-notebook-wrapper.git to commit e349467e24c1c4484dd1d1796d3bcce720dbfe6b\r\n"}
,{"stream_name":"stdout","time":24.482131295,"data":"  Installing build dependencies ... \u001b[?25l-\b \b\\\b \b|\b \b/\b \bdone\r\n"}
,{"stream_name":"stdout","time":24.637841583,"data":"\u001b[?25h  Getting requirements to build wheel ... \u001b[?25ldone\r\n"}
,{"stream_name":"stdout","time":25.04795376,"data":"\u001b[?25h  Preparing metadata (pyproject.toml) ... \u001b[?25ldone\r\n"}
,{"stream_name":"stdout","time":25.048021642,"data":"\u001b[?25hRequirement already satisfied: kaggle\u003c2.0.0,\u003e=1.5.12 in /opt/conda/lib/python3.10/site-packages (from kaggle-notebook-wrapper==0.1.0) (1.6.17)\r\n"}
,{"stream_name":"stdout","time":25.048030698,"data":"Requirement already satisfied: nbformat\u003c6.0.0,\u003e=5.1.3 in /opt/conda/lib/python3.10/site-packages (from kaggle-notebook-wrapper==0.1.0) (5.10.4)\r\n"}
,{"stream_name":"stdout","time":25.048037463,"data":"Requirement already satisfied: six\u003e=1.10 in /opt/conda/lib/python3.10/site-packages (from kaggle\u003c2.0.0,\u003e=1.5.12-\u003ekaggle-notebook-wrapper==0.1.0) (1.16.0)\r\n"}
,{"stream_name":"stdout","time":25.048044592,"data":"Requirement already satisfied: certifi\u003e=2023.7.22 in /opt/conda/lib/python3.10/site-packages (from kaggle\u003c2.0.0,\u003e=1.5.12-\u003ekaggle-notebook-wrapper==0.1.0) (2024.8.30)\r\n"}
,{"stream_name":"stdout","time":25.048052334,"data":"Requirement already satisfied: python-dateutil in /opt/conda/lib/python3.10/site-packages (from kaggle\u003c2.0.0,\u003e=1.5.12-\u003ekaggle-notebook-wrapper==0.1.0) (2.9.0.post0)\r\n"}
,{"stream_name":"stdout","time":25.048058551,"data":"Requirement already satisfied: requests in /opt/conda/lib/python3.10/site-packages (from kaggle\u003c2.0.0,\u003e=1.5.12-\u003ekaggle-notebook-wrapper==0.1.0) (2.32.3)\r\n"}
,{"stream_name":"stdout","time":25.04806546,"data":"Requirement already satisfied: tqdm in /opt/conda/lib/python3.10/site-packages (from kaggle\u003c2.0.0,\u003e=1.5.12-\u003ekaggle-notebook-wrapper==0.1.0) (4.66.4)\r\n"}
,{"stream_name":"stdout","time":25.048072355,"data":"Requirement already satisfied: python-slugify in /opt/conda/lib/python3.10/site-packages (from kaggle\u003c2.0.0,\u003e=1.5.12-\u003ekaggle-notebook-wrapper==0.1.0) (8.0.4)\r\n"}
,{"stream_name":"stdout","time":25.048078641,"data":"Requirement already satisfied: urllib3 in /opt/conda/lib/python3.10/site-packages (from kaggle\u003c2.0.0,\u003e=1.5.12-\u003ekaggle-notebook-wrapper==0.1.0) (1.26.18)\r\n"}
,{"stream_name":"stdout","time":25.048085138,"data":"Requirement already satisfied: bleach in /opt/conda/lib/python3.10/site-packages (from kaggle\u003c2.0.0,\u003e=1.5.12-\u003ekaggle-notebook-wrapper==0.1.0) (6.1.0)\r\n"}
,{"stream_name":"stdout","time":25.099293499,"data":"Requirement already satisfied: fastjsonschema\u003e=2.15 in /opt/conda/lib/python3.10/site-packages (from nbformat\u003c6.0.0,\u003e=5.1.3-\u003ekaggle-notebook-wrapper==0.1.0) (2.19.1)\r\n"}
,{"stream_name":"stdout","time":25.099382855,"data":"Requirement already satisfied: jsonschema\u003e=2.6 in /opt/conda/lib/python3.10/site-packages (from nbformat\u003c6.0.0,\u003e=5.1.3-\u003ekaggle-notebook-wrapper==0.1.0) (4.22.0)\r\n"}
,{"stream_name":"stdout","time":25.099428697,"data":"Requirement already satisfied: jupyter-core!=5.0.*,\u003e=4.12 in /opt/conda/lib/python3.10/site-packages (from nbformat\u003c6.0.0,\u003e=5.1.3-\u003ekaggle-notebook-wrapper==0.1.0) (5.7.2)\r\n"}
,{"stream_name":"stdout","time":25.099437675,"data":"Requirement already satisfied: traitlets\u003e=5.1 in /opt/conda/lib/python3.10/site-packages (from nbformat\u003c6.0.0,\u003e=5.1.3-\u003ekaggle-notebook-wrapper==0.1.0) (5.14.3)\r\n"}
,{"stream_name":"stdout","time":25.150604896,"data":"Requirement already satisfied: attrs\u003e=22.2.0 in /opt/conda/lib/python3.10/site-packages (from jsonschema\u003e=2.6-\u003enbformat\u003c6.0.0,\u003e=5.1.3-\u003ekaggle-notebook-wrapper==0.1.0) (23.2.0)\r\n"}
,{"stream_name":"stdout","time":25.150640745,"data":"Requirement already satisfied: jsonschema-specifications\u003e=2023.03.6 in /opt/conda/lib/python3.10/site-packages (from jsonschema\u003e=2.6-\u003enbformat\u003c6.0.0,\u003e=5.1.3-\u003ekaggle-notebook-wrapper==0.1.0) (2023.12.1)\r\n"}
,{"stream_name":"stdout","time":25.150649498,"data":"Requirement already satisfied: referencing\u003e=0.28.4 in /opt/conda/lib/python3.10/site-packages (from jsonschema\u003e=2.6-\u003enbformat\u003c6.0.0,\u003e=5.1.3-\u003ekaggle-notebook-wrapper==0.1.0) (0.35.1)\r\n"}
,{"stream_name":"stdout","time":25.150656723,"data":"Requirement already satisfied: rpds-py\u003e=0.7.1 in /opt/conda/lib/python3.10/site-packages (from jsonschema\u003e=2.6-\u003enbformat\u003c6.0.0,\u003e=5.1.3-\u003ekaggle-notebook-wrapper==0.1.0) (0.18.1)\r\n"}
,{"stream_name":"stdout","time":25.150664004,"data":"Requirement already satisfied: platformdirs\u003e=2.5 in /opt/conda/lib/python3.10/site-packages (from jupyter-core!=5.0.*,\u003e=4.12-\u003enbformat\u003c6.0.0,\u003e=5.1.3-\u003ekaggle-notebook-wrapper==0.1.0) (3.11.0)\r\n"}
,{"stream_name":"stdout","time":25.202123856,"data":"Requirement already satisfied: webencodings in /opt/conda/lib/python3.10/site-packages (from bleach-\u003ekaggle\u003c2.0.0,\u003e=1.5.12-\u003ekaggle-notebook-wrapper==0.1.0) (0.5.1)\r\n"}
,{"stream_name":"stdout","time":25.202154307,"data":"Requirement already satisfied: text-unidecode\u003e=1.3 in /opt/conda/lib/python3.10/site-packages (from python-slugify-\u003ekaggle\u003c2.0.0,\u003e=1.5.12-\u003ekaggle-notebook-wrapper==0.1.0) (1.3)\r\n"}
,{"stream_name":"stdout","time":25.202161798,"data":"Requirement already satisfied: charset-normalizer\u003c4,\u003e=2 in /opt/conda/lib/python3.10/site-packages (from requests-\u003ekaggle\u003c2.0.0,\u003e=1.5.12-\u003ekaggle-notebook-wrapper==0.1.0) (3.3.2)\r\n"}
,{"stream_name":"stdout","time":25.202168678,"data":"Requirement already satisfied: idna\u003c4,\u003e=2.5 in /opt/conda/lib/python3.10/site-packages (from requests-\u003ekaggle\u003c2.0.0,\u003e=1.5.12-\u003ekaggle-notebook-wrapper==0.1.0) (3.7)\r\n"}
,{"stream_name":"stdout","time":25.356740295,"data":"Building wheels for collected packages: kaggle-notebook-wrapper\r\n"}
,{"stream_name":"stdout","time":25.818690836000002,"data":"  Building wheel for kaggle-notebook-wrapper (pyproject.toml) ... \u001b[?25ldone\r\n"}
,{"stream_name":"stdout","time":25.818725455,"data":"\u001b[?25h  Created wheel for kaggle-notebook-wrapper: filename=kaggle_notebook_wrapper-0.1.0-py3-none-any.whl size=5733 sha256=0a3eb47e1cabcfcd94e7f37e68852c123a2a5033d6f0d1d9b4d0723f59cc5203\r\n"}
,{"stream_name":"stdout","time":25.818735427,"data":"  Stored in directory: /tmp/pip-ephem-wheel-cache-bj2_wzyr/wheels/6b/82/dc/feb99cd82255f61b3a1e0b8cc111f1510d1a853d770a3fde66\r\n"}
,{"stream_name":"stdout","time":25.818742413,"data":"Successfully built kaggle-notebook-wrapper\r\n"}
,{"stream_name":"stdout","time":37.392179533,"data":"Installing collected packages: kaggle-notebook-wrapper\r\n"}
,{"stream_name":"stdout","time":37.592632274,"data":"Successfully installed kaggle-notebook-wrapper-0.1.0\r\n"}
,{"stream_name":"stdout","time":38.197041247,"data":"Note: you may need to restart the kernel to use updated packages.\n"}
,{"stream_name":"stderr","time":38.450511112,"data":"2024-10-15 19:06:45,501 [cell_id: 1] This is a test log message.\n"}
,{"stream_name":"stderr","time":38.472577529,"data":"2024-10-15 19:06:45,521 [cell_id: 2] This is another test log message.\n"}
,{"stream_name":"stderr","time":38.493199428,"data":"2024-10-15 19:06:45,542 [cell_id: 3] This is a third test log message.\n"}
,{"stream_name":"stderr","time":41.443895621,"data":"[NbConvertApp] Converting notebook __notebook__.ipynb to notebook\n"}
,{"stream_name":"stderr","time":42.013802458,"data":"[NbConvertApp] Writing 9952 bytes to __notebook__.ipynb\n"}
,{"stream_name":"stderr","time":44.049009243,"data":"[NbConvertApp] Converting notebook __notebook__.ipynb to html\n"}
,{"stream_name":"stderr","time":45.190737023,"data":"[NbConvertApp] Writing 280983 bytes to __results__.html\n"}
]